../Core/Src/LoRa.c:16:6:newLoRa	72	static
../Core/Src/LoRa.c:36:6:LoRa_reset	16	static
../Core/Src/LoRa.c:51:6:LoRa_gotoMode	24	static
../Core/Src/LoRa.c:93:6:LoRa_setModulation	24	static
../Core/Src/LoRa.c:137:6:LoRa_readReg	24	static
../Core/Src/LoRa.c:160:6:LoRa_writeReg	24	static
../Core/Src/LoRa.c:179:6:LoRa_setFrequency	24	static
../Core/Src/LoRa.c:208:6:LoRa_setSpreadingFactor	24	static
../Core/Src/LoRa.c:233:6:LoRa_setPower	16	static
../Core/Src/LoRa.c:246:6:LoRa_setOCP	24	static
../Core/Src/LoRa.c:271:6:LoRa_setCRCon	24	static
../Core/Src/LoRa.c:292:6:LoRa_setTOMsb_setCRCon	24	static
../Core/Src/LoRa.c:314:9:LoRa_read	32	static
../Core/Src/LoRa.c:334:6:LoRa_write	32	static
../Core/Src/LoRa.c:353:6:LoRa_BurstWrite	32	static
../Core/Src/LoRa.c:378:9:LoRa_isvalid	16	static
../Core/Src/LoRa.c:391:6:LoRa_setBitrate	24	static
../Core/Src/LoRa.c:407:6:LoRa_setSyncWord	32	static
../Core/Src/LoRa.c:426:9:LoRa_transmit	32	static
../Core/Src/LoRa.c:461:6:LoRa_startReceiving	16	static
../Core/Src/LoRa.c:473:6:LoRa_setFSKMode	24	static
../Core/Src/LoRa.c:490:6:LoRa_setPayloadLength	24	static
../Core/Src/LoRa.c:508:9:LoRa_receive	48	static
../Core/Src/LoRa.c:538:5:LoRa_getRSSI	24	static
../Core/Src/LoRa.c:551:10:LoRa_init	24	static
../Core/Src/LoRa.c:653:9:LoRa_received_bytes	16	static
