../Core/Src/main.c:161:10:micros	16	static
../Core/Src/main.c:165:6:HAL_GPIO_EXTI_Callback	24	static
../Core/Src/main.c:203:5:main	64	static
../Core/Src/main.c:386:6:SystemClock_Config	88	static
../Core/Src/main.c:432:13:MX_ADC1_Init	24	static
../Core/Src/main.c:484:13:MX_SPI1_Init	8	static
../Core/Src/main.c:522:13:MX_SPI2_Init	8	static
../Core/Src/main.c:560:13:MX_SPI3_Init	8	static
../Core/Src/main.c:598:13:MX_TIM2_Init	32	static
../Core/Src/main.c:643:13:MX_TIM3_Init	64	static
../Core/Src/main.c:706:13:MX_GPIO_Init	48	static
../Core/Src/main.c:755:6:start_sensor_reading	48	static
../Core/Src/main.c:876:6:start_LoRa_task	368	static
../Core/Src/main.c:932:6:start_servo_control	96	static
../Core/Src/main.c:953:6:start_kalman_filter	568	static
../Core/Src/main.c:1020:6:Error_Handler	4	static,ignoring_inline_asm
