../Core/Src/main.c:161:10:micros	16	static
../Core/Src/main.c:165:6:HAL_GPIO_EXTI_Callback	24	static
../Core/Src/main.c:203:5:main	64	static
../Core/Src/main.c:391:6:SystemClock_Config	88	static
../Core/Src/main.c:437:13:MX_ADC1_Init	24	static
../Core/Src/main.c:489:13:MX_SPI1_Init	8	static
../Core/Src/main.c:527:13:MX_SPI2_Init	8	static
../Core/Src/main.c:565:13:MX_SPI3_Init	8	static
../Core/Src/main.c:603:13:MX_TIM2_Init	32	static
../Core/Src/main.c:648:13:MX_TIM3_Init	64	static
../Core/Src/main.c:711:13:MX_GPIO_Init	48	static
../Core/Src/main.c:764:6:start_sensor_reading	40	static
../Core/Src/main.c:823:6:start_LoRa_task	360	static
../Core/Src/main.c:890:6:start_servo_control	96	static
../Core/Src/main.c:912:6:start_kalman_filter	568	static
../Core/Src/main.c:979:6:Error_Handler	4	static,ignoring_inline_asm
